// Jest Snapshot v1, https://goo.gl/fbAQLP

exports[`ReactTestingLibrary getByTestId works 1`] = `
<h1
  data-testid="h1-heading"
>
  Heading
</h1>
`;

exports[`ReactTestingLibrary render works 1`] = `
Object {
  "baseElement": <body>
    <div>
      <div>
        <h1
          data-testid="h1-heading"
        >
          Heading
        </h1>
      </div>
    </div>
  </body>,
  "container": <div>
    <div>
      <h1
        data-testid="h1-heading"
      >
        Heading
      </h1>
    </div>
  </div>,
  "debug": [Function],
  "getAllByAltText": [Function],
  "getAllByLabelText": [Function],
  "getAllByPlaceholderText": [Function],
  "getAllByTestId": [Function],
  "getAllByText": [Function],
  "getAllByTitle": [Function],
  "getAllByValue": [Function],
  "getByAltText": [Function],
  "getByLabelText": [Function],
  "getByPlaceholderText": [Function],
  "getByTestId": [Function],
  "getByText": [Function],
  "getByTitle": [Function],
  "getByValue": [Function],
  "queryAllByAltText": [Function],
  "queryAllByLabelText": [Function],
  "queryAllByPlaceholderText": [Function],
  "queryAllByTestId": [Function],
  "queryAllByText": [Function],
  "queryAllByTitle": [Function],
  "queryAllByValue": [Function],
  "queryByAltText": [Function],
  "queryByLabelText": [Function],
  "queryByPlaceholderText": [Function],
  "queryByTestId": [Function],
  "queryByText": [Function],
  "queryByTitle": [Function],
  "queryByValue": [Function],
  "rerender": [Function],
  "unmount": [Function],
}
`;
